// Jest Snapshot v1, https://goo.gl/fbAQLP

exports[`App matches snapshot 1`] = `
ShallowWrapper {
  Symbol(enzyme.__root__): [Circular],
  Symbol(enzyme.__unrendered__): <App
    fetchAdditionalPlanetInfo={[MockFunction]}
    fetchPeopleMocku={[MockFunction]}
    simplifyVehicles={[MockFunction]}
  />,
  Symbol(enzyme.__renderer__): Object {
    "batchedUpdates": [Function],
    "checkPropTypes": [Function],
    "getNode": [Function],
    "render": [Function],
    "simulateError": [Function],
    "simulateEvent": [Function],
    "unmount": [Function],
  },
  Symbol(enzyme.__node__): Object {
    "instance": null,
    "key": undefined,
    "nodeType": "host",
    "props": Object {
      "children": Array [
        <header
          className="App-header"
        >
          <h1>
            SWApi Box
          </h1>
        </header>,
        <div>
          <Splash
            randomFilm={Object {}}
          />
          <FilterControls
            handleSort={[Function]}
          />
          <h3
            className="category"
          >
            
          </h3>
          <CardContainer
            cardsSelected={Array []}
            categorySelected=""
          />
        </div>,
      ],
      "className": "App",
    },
    "ref": null,
    "rendered": Array [
      Object {
        "instance": null,
        "key": undefined,
        "nodeType": "host",
        "props": Object {
          "children": <h1>
            SWApi Box
          </h1>,
          "className": "App-header",
        },
        "ref": null,
        "rendered": Object {
          "instance": null,
          "key": undefined,
          "nodeType": "host",
          "props": Object {
            "children": "SWApi Box",
          },
          "ref": null,
          "rendered": "SWApi Box",
          "type": "h1",
        },
        "type": "header",
      },
      Object {
        "instance": null,
        "key": undefined,
        "nodeType": "host",
        "props": Object {
          "children": Array [
            <Splash
              randomFilm={Object {}}
            />,
            <FilterControls
              handleSort={[Function]}
            />,
            <h3
              className="category"
            >
              
            </h3>,
            <CardContainer
              cardsSelected={Array []}
              categorySelected=""
            />,
          ],
        },
        "ref": null,
        "rendered": Array [
          Object {
            "instance": null,
            "key": undefined,
            "nodeType": "function",
            "props": Object {
              "randomFilm": Object {},
            },
            "ref": null,
            "rendered": null,
            "type": [Function],
          },
          Object {
            "instance": null,
            "key": undefined,
            "nodeType": "function",
            "props": Object {
              "handleSort": [Function],
            },
            "ref": null,
            "rendered": null,
            "type": [Function],
          },
          Object {
            "instance": null,
            "key": undefined,
            "nodeType": "host",
            "props": Object {
              "children": "",
              "className": "category",
            },
            "ref": null,
            "rendered": "",
            "type": "h3",
          },
          Object {
            "instance": null,
            "key": undefined,
            "nodeType": "function",
            "props": Object {
              "cardsSelected": Array [],
              "categorySelected": "",
            },
            "ref": null,
            "rendered": null,
            "type": [Function],
          },
        ],
        "type": "div",
      },
    ],
    "type": "div",
  },
  Symbol(enzyme.__nodes__): Array [
    Object {
      "instance": null,
      "key": undefined,
      "nodeType": "host",
      "props": Object {
        "children": Array [
          <header
            className="App-header"
          >
            <h1>
              SWApi Box
            </h1>
          </header>,
          <div>
            <Splash
              randomFilm={Object {}}
            />
            <FilterControls
              handleSort={[Function]}
            />
            <h3
              className="category"
            >
              
            </h3>
            <CardContainer
              cardsSelected={Array []}
              categorySelected=""
            />
          </div>,
        ],
        "className": "App",
      },
      "ref": null,
      "rendered": Array [
        Object {
          "instance": null,
          "key": undefined,
          "nodeType": "host",
          "props": Object {
            "children": <h1>
              SWApi Box
            </h1>,
            "className": "App-header",
          },
          "ref": null,
          "rendered": Object {
            "instance": null,
            "key": undefined,
            "nodeType": "host",
            "props": Object {
              "children": "SWApi Box",
            },
            "ref": null,
            "rendered": "SWApi Box",
            "type": "h1",
          },
          "type": "header",
        },
        Object {
          "instance": null,
          "key": undefined,
          "nodeType": "host",
          "props": Object {
            "children": Array [
              <Splash
                randomFilm={Object {}}
              />,
              <FilterControls
                handleSort={[Function]}
              />,
              <h3
                className="category"
              >
                
              </h3>,
              <CardContainer
                cardsSelected={Array []}
                categorySelected=""
              />,
            ],
          },
          "ref": null,
          "rendered": Array [
            Object {
              "instance": null,
              "key": undefined,
              "nodeType": "function",
              "props": Object {
                "randomFilm": Object {},
              },
              "ref": null,
              "rendered": null,
              "type": [Function],
            },
            Object {
              "instance": null,
              "key": undefined,
              "nodeType": "function",
              "props": Object {
                "handleSort": [Function],
              },
              "ref": null,
              "rendered": null,
              "type": [Function],
            },
            Object {
              "instance": null,
              "key": undefined,
              "nodeType": "host",
              "props": Object {
                "children": "",
                "className": "category",
              },
              "ref": null,
              "rendered": "",
              "type": "h3",
            },
            Object {
              "instance": null,
              "key": undefined,
              "nodeType": "function",
              "props": Object {
                "cardsSelected": Array [],
                "categorySelected": "",
              },
              "ref": null,
              "rendered": null,
              "type": [Function],
            },
          ],
          "type": "div",
        },
      ],
      "type": "div",
    },
  ],
  Symbol(enzyme.__options__): Object {
    "adapter": ReactSixteenAdapter {
      "options": Object {
        "enableComponentDidUpdateOnSetState": true,
        "legacyContextMode": "parent",
        "lifecycles": Object {
          "componentDidUpdate": Object {
            "onSetState": true,
          },
          "getChildContext": Object {
            "calledByRenderer": false,
          },
          "getDerivedStateFromProps": Object {
            "hasShouldComponentUpdateBug": false,
          },
          "getSnapshotBeforeUpdate": true,
          "setState": Object {
            "skipsComponentDidUpdateOnNullish": true,
          },
        },
      },
    },
  },
  Symbol(enzyme.__childContext__): null,
}
`;
